/Users/runner/work/WineIOS-Core/WineIOS-Core/build/wine-ios-arm64/hello/hello.exe: PE32+ executable (console) Aarch64, for MS Windows

/Users/runner/work/WineIOS-Core/WineIOS-Core/build/wine-ios-arm64/hello/hello.exe:	file format coff-arm64
Characteristics 0x22
	executable
	large address aware

Time/Date               Sun Sep  6 03:28:41 2026
Magic                   020b	(PE32+)
MajorLinkerVersion      14
MinorLinkerVersion      0
SizeOfCode              0000000000000200
SizeOfInitializedData   0000000000000600
SizeOfUninitializedData 0000000000000000
AddressOfEntryPoint     0000000000001000
BaseOfCode              0000000000001000
ImageBase               0000000140000000
SectionAlignment        00001000
FileAlignment           00000200
MajorOSystemVersion     6
MinorOSystemVersion     0
MajorImageVersion       0
MinorImageVersion       0
MajorSubsystemVersion   6
MinorSubsystemVersion   0
Win32Version            00000000
SizeOfImage             00005000
SizeOfHeaders           00000400
CheckSum                00000000
Subsystem               00000003	(Windows CUI)
DllCharacteristics      00008160
					HIGH_ENTROPY_VA
					DYNAMIC_BASE
					NX_COMPAT
					TERMINAL_SERVER_AWARE
SizeOfStackReserve      0000000000100000
SizeOfStackCommit       0000000000001000
SizeOfHeapReserve       0000000000100000
SizeOfHeapCommit        0000000000001000
LoaderFlags             00000000
NumberOfRvaAndSizes     00000010

The Data Directory
Entry 0 0000000000000000 00000000 Export Directory [.edata (or where ever we found it)]
Entry 1 0000000000002038 00000028 Import Directory [parts of .idata]
Entry 2 0000000000000000 00000000 Resource Directory [.rsrc]
Entry 3 0000000000004000 00000008 Exception Directory [.pdata]
Entry 4 0000000000000000 00000000 Security Directory
Entry 5 0000000000000000 00000000 Base Relocation Directory [.reloc]
Entry 6 0000000000003000 0000001c Debug Directory
Entry 7 0000000000000000 00000000 Description Directory
Entry 8 0000000000000000 00000000 Special Directory
Entry 9 0000000000000000 00000000 Thread Storage Directory [.tls]
Entry a 0000000000000000 00000000 Load Configuration Directory
Entry b 0000000000000000 00000000 Bound Import Directory
Entry c 0000000000002080 00000020 Import Address Table Directory
Entry d 0000000000000000 00000000 Delay Import Directory
Entry e 0000000000000000 00000000 CLR Runtime Header
Entry f 0000000000000000 00000000 Reserved

The Import Tables:
  lookup 00002060 time 00000000 fwd 00000000 name 000020ca addr 00002080

    DLL Name: KERNEL32.dll
    Hint/Ord  Name
           0  ExitProcess
           0  GetStdHandle
           0  WriteFile

